2026-07-01 12:46:06 [restartedMain] INFO  c.s.s.SportswebsiteApplication - Starting SportswebsiteApplication using Java 21.0.10 with PID 18360 (C:\Users\Billy\Downloads\sportswebsite\sportswebsite\target\classes started by Billy in C:\Users\Billy\Downloads\sportswebsite\sportswebsite)
2026-07-01 12:46:06 [restartedMain] DEBUG c.s.s.SportswebsiteApplication - Running with Spring Boot v3.2.5, Spring v6.1.6
2026-07-01 12:46:06 [restartedMain] INFO  c.s.s.SportswebsiteApplication - The following 1 profile is active: "dev"
2026-07-01 12:46:06 [restartedMain] INFO  o.s.b.d.e.DevToolsPropertyDefaultsPostProcessor - Devtools property defaults active! Set 'spring.devtools.add-properties' to 'false' to disable
2026-07-01 12:46:06 [restartedMain] INFO  o.s.b.d.e.DevToolsPropertyDefaultsPostProcessor - For additional web related logging consider setting the 'logging.level.web' property to 'DEBUG'
2026-07-01 12:46:08 [restartedMain] INFO  o.s.d.r.c.RepositoryConfigurationDelegate - Bootstrapping Spring Data JPA repositories in DEFAULT mode.
2026-07-01 12:46:08 [restartedMain] INFO  o.s.d.r.c.RepositoryConfigurationDelegate - Finished Spring Data repository scanning in 59 ms. Found 2 JPA repository interfaces.
2026-07-01 12:46:10 [restartedMain] INFO  o.s.b.w.e.tomcat.TomcatWebServer - Tomcat initialized with port 8080 (http)
2026-07-01 12:46:10 [restartedMain] INFO  o.a.catalina.core.StandardService - Starting service [Tomcat]
2026-07-01 12:46:10 [restartedMain] INFO  o.a.catalina.core.StandardEngine - Starting Servlet engine: [Apache Tomcat/10.1.20]
2026-07-01 12:46:10 [restartedMain] INFO  o.a.c.c.C.[Tomcat].[localhost].[/] - Initializing Spring embedded WebApplicationContext
2026-07-01 12:46:10 [restartedMain] INFO  o.s.b.w.s.c.ServletWebServerApplicationContext - Root WebApplicationContext: initialization completed in 3565 ms
2026-07-01 12:46:10 [restartedMain] INFO  com.zaxxer.hikari.HikariDataSource - HikariPool-1 - Starting...
2026-07-01 12:46:11 [restartedMain] INFO  com.zaxxer.hikari.pool.HikariPool - HikariPool-1 - Added connection conn0: url=jdbc:h2:mem:sportsdb_dev user=SA
2026-07-01 12:46:11 [restartedMain] INFO  com.zaxxer.hikari.HikariDataSource - HikariPool-1 - Start completed.
2026-07-01 12:46:11 [restartedMain] INFO  o.s.b.a.h.H2ConsoleAutoConfiguration - H2 console available at '/h2-console'. Database available at 'jdbc:h2:mem:sportsdb_dev'
2026-07-01 12:46:11 [restartedMain] INFO  o.h.jpa.internal.util.LogHelper - HHH000204: Processing PersistenceUnitInfo [name: default]
2026-07-01 12:46:11 [restartedMain] INFO  org.hibernate.Version - HHH000412: Hibernate ORM core version 6.4.4.Final
2026-07-01 12:46:11 [restartedMain] INFO  o.h.c.i.RegionFactoryInitiator - HHH000026: Second-level cache disabled
2026-07-01 12:46:12 [restartedMain] INFO  o.s.o.j.p.SpringPersistenceUnitInfo - No LoadTimeWeaver setup: ignoring JPA class transformer
2026-07-01 12:46:12 [restartedMain] WARN  org.hibernate.orm.deprecation - HHH90000025: H2Dialect does not need to be specified explicitly using 'hibernate.dialect' (remove the property setting and it will be selected by default)
2026-07-01 12:46:13 [restartedMain] INFO  o.h.e.t.j.p.i.JtaPlatformInitiator - HHH000489: No JTA platform available (set 'hibernate.transaction.jta.platform' to enable JTA platform integration)
2026-07-01 12:46:13 [restartedMain] INFO  o.s.o.j.LocalContainerEntityManagerFactoryBean - Initialized JPA EntityManagerFactory for persistence unit 'default'
2026-07-01 12:46:14 [restartedMain] INFO  o.s.d.j.r.query.QueryEnhancerFactory - Hibernate is in classpath; If applicable, HQL parser will be used.
2026-07-01 12:46:15 [restartedMain] WARN  o.s.b.a.o.j.JpaBaseConfiguration$JpaWebConfiguration - spring.jpa.open-in-view is enabled by default. Therefore, database queries may be performed during view rendering. Explicitly configure spring.jpa.open-in-view to disable this warning
2026-07-01 12:46:15 [restartedMain] INFO  o.s.b.a.w.s.WelcomePageHandlerMapping - Adding welcome page template: index
2026-07-01 12:46:16 [restartedMain] INFO  o.s.b.a.e.web.EndpointLinksResolver - Exposing 3 endpoint(s) beneath base path '/actuator'
2026-07-01 12:46:16 [restartedMain] INFO  o.s.s.web.DefaultSecurityFilterChain - Will secure any request with [org.springframework.security.web.session.DisableEncodeUrlFilter@47d0dfa8, org.springframework.security.web.context.request.async.WebAsyncManagerIntegrationFilter@412d99db, org.springframework.security.web.context.SecurityContextHolderFilter@5a49f8db, org.springframework.security.web.header.HeaderWriterFilter@1464e7a9, org.springframework.web.filter.CorsFilter@30587cfb, org.springframework.security.web.authentication.logout.LogoutFilter@4002fbcc, org.springframework.security.web.authentication.UsernamePasswordAuthenticationFilter@28884a53, org.springframework.security.web.savedrequest.RequestCacheAwareFilter@11cb07a7, org.springframework.security.web.servletapi.SecurityContextHolderAwareRequestFilter@b337fb4, org.springframework.security.web.authentication.AnonymousAuthenticationFilter@318a9075, org.springframework.security.web.access.ExceptionTranslationFilter@3b313d03, org.springframework.security.web.access.intercept.AuthorizationFilter@43a3eed0]
2026-07-01 12:46:17 [restartedMain] INFO  o.s.b.d.a.OptionalLiveReloadServer - LiveReload server is running on port 35729
2026-07-01 12:46:17 [restartedMain] INFO  o.s.b.w.e.tomcat.TomcatWebServer - Tomcat started on port 8080 (http) with context path ''
2026-07-01 12:46:17 [restartedMain] INFO  c.s.s.SportswebsiteApplication - Started SportswebsiteApplication in 11.246 seconds (process running for 15.07)
2026-07-01 12:46:17 [scheduling-1] INFO  c.s.sportswebsite.ScheduledTasks - === Scheduled Stats Report [12:46:17] === Sports: 9 | Athletes: 190
2026-07-01 12:46:25 [http-nio-8080-exec-1] INFO  o.a.c.c.C.[Tomcat].[localhost].[/] - Initializing Spring DispatcherServlet 'dispatcherServlet'
2026-07-01 12:46:25 [http-nio-8080-exec-1] INFO  o.s.web.servlet.DispatcherServlet - Initializing Servlet 'dispatcherServlet'
2026-07-01 12:46:25 [http-nio-8080-exec-1] INFO  o.s.web.servlet.DispatcherServlet - Completed initialization in 0 ms
2026-07-01 12:46:25 [http-nio-8080-exec-1] INFO  c.s.sportswebsite.HomeController - Home page accessed - loading 9 sports
2026-07-01 12:46:25 [http-nio-8080-exec-1] INFO  c.sports.sportswebsite.SportService - Fetching all sports from database (cache miss)
